// Jest Snapshot v1, https://goo.gl/fbAQLP

exports[`<UserGreeting /> should render correctly user greeting 1`] = `
<UserGreeting>
  <h1>
    Hello, user ðŸ˜Ž
  </h1>
</UserGreeting>
`;
