// Jest Snapshot v1, https://goo.gl/fbAQLP

exports[`<User /> should render name and age 1`] = `
<li
  className="user"
>
  <span
    className="user__name"
  >
    Bob
  </span>
  <span
    className="user__age"
  >
    25
  </span>
</li>
`;
